# TODO â€“ Developer: Add your expected output test data here. This will be used in
# regular test cases so it is best to keep this relatively small, if possible.