# TODO â€“ Developer: Add your expected output test data here
Place your expected output for the provided input file here. This will be used in
regular test cases, so again, it is best to keep this relatively small, if possible.